2025-01-19 23:07:01,733 - INFO - Starting LSTM training process...
2025-01-19 23:07:01,733 - INFO - Loading and processing data with DataHandler...
2025-01-19 23:07:13,937 - INFO - Scaler saved to scaler.joblib
2025-01-19 23:07:13,938 - INFO - Label encoder saved to label_encoder.joblib
2025-01-19 23:07:13,938 - INFO - Dataloaders created for train, val, and test sets.
2025-01-19 23:07:13,958 - INFO - Using device: cuda
2025-01-19 23:07:14,249 - INFO - LSTM model initialized.
2025-01-19 23:07:17,604 - INFO - Criterion (CrossEntropyLoss) and Adam optimizer initialized.
2025-01-19 23:07:17,604 - INFO - Begin model training for up to 50 epochs...
2025-01-19 23:07:17,604 - INFO - Epoch 1/50
2025-01-19 23:07:23,675 - INFO - Train Loss: 1.2070, Train Acc: 47.64%
2025-01-19 23:07:26,342 - INFO - Val Loss: 1.0415, Val Acc: 55.11%
2025-01-19 23:07:26,438 - INFO - Best model saved with validation accuracy: 55.11%
2025-01-19 23:07:26,438 - INFO - Epoch 2/50
2025-01-19 23:07:31,612 - INFO - Train Loss: 0.8009, Train Acc: 67.57%
2025-01-19 23:07:34,089 - INFO - Val Loss: 0.8064, Val Acc: 72.75%
2025-01-19 23:07:34,217 - INFO - Best model saved with validation accuracy: 72.75%
2025-01-19 23:07:34,217 - INFO - Epoch 3/50
2025-01-19 23:07:40,052 - INFO - Train Loss: 0.6065, Train Acc: 78.21%
2025-01-19 23:07:42,508 - INFO - Val Loss: 0.7045, Val Acc: 73.15%
2025-01-19 23:07:42,602 - INFO - Best model saved with validation accuracy: 73.15%
2025-01-19 23:07:42,602 - INFO - Epoch 4/50
2025-01-19 23:07:47,681 - INFO - Train Loss: 0.5480, Train Acc: 79.51%
2025-01-19 23:07:50,682 - INFO - Val Loss: 0.6760, Val Acc: 75.25%
2025-01-19 23:07:50,769 - INFO - Best model saved with validation accuracy: 75.25%
2025-01-19 23:07:50,769 - INFO - Epoch 5/50
2025-01-19 23:07:56,353 - INFO - Train Loss: 0.5264, Train Acc: 80.74%
2025-01-19 23:07:59,051 - INFO - Val Loss: 0.6641, Val Acc: 76.07%
2025-01-19 23:07:59,144 - INFO - Best model saved with validation accuracy: 76.07%
2025-01-19 23:07:59,145 - INFO - Epoch 6/50
2025-01-19 23:08:04,451 - INFO - Train Loss: 0.5357, Train Acc: 80.86%
2025-01-19 23:08:07,461 - INFO - Val Loss: 0.6475, Val Acc: 77.04%
2025-01-19 23:08:07,528 - INFO - Best model saved with validation accuracy: 77.04%
2025-01-19 23:08:07,528 - INFO - Epoch 7/50
2025-01-19 23:08:12,807 - INFO - Train Loss: 0.5127, Train Acc: 81.84%
2025-01-19 23:08:15,513 - INFO - Val Loss: 0.6747, Val Acc: 75.84%
2025-01-19 23:08:15,513 - INFO - No improvement for 1 epoch(s).
2025-01-19 23:08:15,514 - INFO - Epoch 8/50
2025-01-19 23:08:21,127 - INFO - Train Loss: 0.5279, Train Acc: 80.89%
2025-01-19 23:08:24,135 - INFO - Val Loss: 0.6794, Val Acc: 75.88%
2025-01-19 23:08:24,135 - INFO - No improvement for 2 epoch(s).
2025-01-19 23:08:24,135 - INFO - Epoch 9/50
2025-01-19 23:08:29,406 - INFO - Train Loss: 0.5044, Train Acc: 81.82%
2025-01-19 23:08:31,971 - INFO - Val Loss: 0.6685, Val Acc: 76.66%
2025-01-19 23:08:31,972 - INFO - No improvement for 3 epoch(s).
2025-01-19 23:08:31,973 - INFO - Epoch 10/50
2025-01-19 23:08:37,810 - INFO - Train Loss: 0.5286, Train Acc: 80.82%
2025-01-19 23:08:40,420 - INFO - Val Loss: 0.6846, Val Acc: 75.27%
2025-01-19 23:08:40,421 - INFO - No improvement for 4 epoch(s).
2025-01-19 23:08:40,422 - INFO - Epoch 11/50
2025-01-19 23:08:45,685 - INFO - Train Loss: 0.5143, Train Acc: 81.20%
2025-01-19 23:08:48,544 - INFO - Val Loss: 0.6621, Val Acc: 76.12%
2025-01-19 23:08:48,544 - INFO - No improvement for 5 epoch(s).
2025-01-19 23:08:48,545 - INFO - Epoch 12/50
2025-01-19 23:08:54,308 - INFO - Train Loss: 0.4978, Train Acc: 82.01%
2025-01-19 23:08:57,057 - INFO - Val Loss: 0.6257, Val Acc: 77.68%
2025-01-19 23:08:57,170 - INFO - Best model saved with validation accuracy: 77.68%
2025-01-19 23:08:57,170 - INFO - Epoch 13/50
2025-01-19 23:09:02,353 - INFO - Train Loss: 0.4852, Train Acc: 82.89%
2025-01-19 23:09:05,414 - INFO - Val Loss: 0.6240, Val Acc: 76.82%
2025-01-19 23:09:05,415 - INFO - No improvement for 1 epoch(s).
2025-01-19 23:09:05,416 - INFO - Epoch 14/50
2025-01-19 23:09:10,878 - INFO - Train Loss: 0.4873, Train Acc: 82.28%
2025-01-19 23:09:13,583 - INFO - Val Loss: 0.6339, Val Acc: 77.16%
2025-01-19 23:09:13,583 - INFO - No improvement for 2 epoch(s).
2025-01-19 23:09:13,584 - INFO - Epoch 15/50
2025-01-19 23:09:18,950 - INFO - Train Loss: 0.4996, Train Acc: 81.80%
2025-01-19 23:09:21,978 - INFO - Val Loss: 0.6732, Val Acc: 76.01%
2025-01-19 23:09:21,979 - INFO - No improvement for 3 epoch(s).
2025-01-19 23:09:21,979 - INFO - Epoch 16/50
2025-01-19 23:09:27,174 - INFO - Train Loss: 0.4788, Train Acc: 82.57%
2025-01-19 23:09:29,668 - INFO - Val Loss: 0.6761, Val Acc: 75.62%
2025-01-19 23:09:29,669 - INFO - No improvement for 4 epoch(s).
2025-01-19 23:09:29,669 - INFO - Epoch 17/50
2025-01-19 23:09:35,509 - INFO - Train Loss: 0.4921, Train Acc: 82.33%
2025-01-19 23:09:38,199 - INFO - Val Loss: 0.6164, Val Acc: 77.87%
2025-01-19 23:09:38,295 - INFO - Best model saved with validation accuracy: 77.87%
2025-01-19 23:09:38,295 - INFO - Epoch 18/50
2025-01-19 23:09:43,609 - INFO - Train Loss: 0.4722, Train Acc: 82.85%
2025-01-19 23:09:46,112 - INFO - Val Loss: 0.6237, Val Acc: 77.57%
2025-01-19 23:09:46,112 - INFO - No improvement for 1 epoch(s).
2025-01-19 23:09:46,113 - INFO - Epoch 19/50
2025-01-19 23:09:51,952 - INFO - Train Loss: 0.4613, Train Acc: 83.31%
2025-01-19 23:09:54,424 - INFO - Val Loss: 0.6070, Val Acc: 78.11%
2025-01-19 23:09:54,528 - INFO - Best model saved with validation accuracy: 78.11%
2025-01-19 23:09:54,528 - INFO - Epoch 20/50
2025-01-19 23:09:59,672 - INFO - Train Loss: 0.4511, Train Acc: 83.31%
2025-01-19 23:10:02,764 - INFO - Val Loss: 0.6122, Val Acc: 77.92%
2025-01-19 23:10:02,765 - INFO - No improvement for 1 epoch(s).
2025-01-19 23:10:02,766 - INFO - Epoch 21/50
2025-01-19 23:10:08,331 - INFO - Train Loss: 0.4677, Train Acc: 82.87%
2025-01-19 23:10:11,076 - INFO - Val Loss: 0.6044, Val Acc: 78.26%
2025-01-19 23:10:11,140 - INFO - Best model saved with validation accuracy: 78.26%
2025-01-19 23:10:11,142 - INFO - Epoch 22/50
2025-01-19 23:10:16,424 - INFO - Train Loss: 0.4625, Train Acc: 83.10%
2025-01-19 23:10:19,443 - INFO - Val Loss: 0.5971, Val Acc: 78.51%
2025-01-19 23:10:19,534 - INFO - Best model saved with validation accuracy: 78.51%
2025-01-19 23:10:19,535 - INFO - Epoch 23/50
2025-01-19 23:10:24,951 - INFO - Train Loss: 0.4501, Train Acc: 83.31%
2025-01-19 23:10:27,690 - INFO - Val Loss: 0.5930, Val Acc: 78.85%
2025-01-19 23:10:27,758 - INFO - Best model saved with validation accuracy: 78.85%
2025-01-19 23:10:27,759 - INFO - Epoch 24/50
2025-01-19 23:10:33,288 - INFO - Train Loss: 0.4555, Train Acc: 83.24%
2025-01-19 23:10:36,345 - INFO - Val Loss: 0.6021, Val Acc: 78.98%
2025-01-19 23:10:36,420 - INFO - Best model saved with validation accuracy: 78.98%
2025-01-19 23:10:36,420 - INFO - Epoch 25/50
2025-01-19 23:10:41,547 - INFO - Train Loss: 0.4301, Train Acc: 84.33%
2025-01-19 23:10:44,031 - INFO - Val Loss: 0.5799, Val Acc: 79.53%
2025-01-19 23:10:44,095 - INFO - Best model saved with validation accuracy: 79.53%
2025-01-19 23:10:44,096 - INFO - Epoch 26/50
2025-01-19 23:10:49,986 - INFO - Train Loss: 0.4245, Train Acc: 84.74%
2025-01-19 23:10:52,538 - INFO - Val Loss: 0.5732, Val Acc: 79.44%
2025-01-19 23:10:52,538 - INFO - No improvement for 1 epoch(s).
2025-01-19 23:10:52,540 - INFO - Epoch 27/50
2025-01-19 23:10:57,874 - INFO - Train Loss: 0.4260, Train Acc: 84.39%
2025-01-19 23:11:00,575 - INFO - Val Loss: 0.5954, Val Acc: 78.58%
2025-01-19 23:11:00,575 - INFO - No improvement for 2 epoch(s).
2025-01-19 23:11:00,575 - INFO - Epoch 28/50
2025-01-19 23:11:06,451 - INFO - Train Loss: 0.4409, Train Acc: 83.76%
2025-01-19 23:11:09,011 - INFO - Val Loss: 0.6378, Val Acc: 76.64%
2025-01-19 23:11:09,011 - INFO - No improvement for 3 epoch(s).
2025-01-19 23:11:09,012 - INFO - Epoch 29/50
2025-01-19 23:11:14,142 - INFO - Train Loss: 0.4206, Train Acc: 84.58%
2025-01-19 23:11:17,175 - INFO - Val Loss: 0.5704, Val Acc: 79.73%
2025-01-19 23:11:17,288 - INFO - Best model saved with validation accuracy: 79.73%
2025-01-19 23:11:17,289 - INFO - Epoch 30/50
2025-01-19 23:11:22,721 - INFO - Train Loss: 0.4172, Train Acc: 84.97%
2025-01-19 23:11:25,499 - INFO - Val Loss: 0.5885, Val Acc: 79.20%
2025-01-19 23:11:25,499 - INFO - No improvement for 1 epoch(s).
2025-01-19 23:11:25,499 - INFO - Epoch 31/50
2025-01-19 23:11:30,823 - INFO - Train Loss: 0.4095, Train Acc: 85.02%
2025-01-19 23:11:33,864 - INFO - Val Loss: 0.5715, Val Acc: 79.77%
2025-01-19 23:11:33,958 - INFO - Best model saved with validation accuracy: 79.77%
2025-01-19 23:11:33,958 - INFO - Epoch 32/50
2025-01-19 23:11:39,162 - INFO - Train Loss: 0.4146, Train Acc: 84.98%
2025-01-19 23:11:41,864 - INFO - Val Loss: 0.5705, Val Acc: 79.81%
2025-01-19 23:11:41,977 - INFO - Best model saved with validation accuracy: 79.81%
2025-01-19 23:11:41,977 - INFO - Epoch 33/50
2025-01-19 23:11:47,851 - INFO - Train Loss: 0.4035, Train Acc: 85.50%
2025-01-19 23:11:50,572 - INFO - Val Loss: 0.5758, Val Acc: 80.02%
2025-01-19 23:11:50,644 - INFO - Best model saved with validation accuracy: 80.02%
2025-01-19 23:11:50,644 - INFO - Epoch 34/50
2025-01-19 23:11:55,969 - INFO - Train Loss: 0.4019, Train Acc: 85.58%
2025-01-19 23:11:58,489 - INFO - Val Loss: 0.5762, Val Acc: 79.85%
2025-01-19 23:11:58,490 - INFO - No improvement for 1 epoch(s).
2025-01-19 23:11:58,491 - INFO - Epoch 35/50
2025-01-19 23:12:04,315 - INFO - Train Loss: 0.4025, Train Acc: 85.14%
2025-01-19 23:12:06,861 - INFO - Val Loss: 0.5987, Val Acc: 78.29%
2025-01-19 23:12:06,861 - INFO - No improvement for 2 epoch(s).
2025-01-19 23:12:06,861 - INFO - Epoch 36/50
2025-01-19 23:12:12,123 - INFO - Train Loss: 0.4247, Train Acc: 84.68%
2025-01-19 23:12:15,223 - INFO - Val Loss: 0.5998, Val Acc: 78.50%
2025-01-19 23:12:15,223 - INFO - No improvement for 3 epoch(s).
2025-01-19 23:12:15,225 - INFO - Epoch 37/50
2025-01-19 23:12:20,802 - INFO - Train Loss: 0.4131, Train Acc: 85.14%
2025-01-19 23:12:23,470 - INFO - Val Loss: 0.5874, Val Acc: 79.48%
2025-01-19 23:12:23,470 - INFO - No improvement for 4 epoch(s).
2025-01-19 23:12:23,470 - INFO - Epoch 38/50
2025-01-19 23:12:28,622 - INFO - Train Loss: 0.4086, Train Acc: 85.71%
2025-01-19 23:12:31,661 - INFO - Val Loss: 0.5767, Val Acc: 79.71%
2025-01-19 23:12:31,662 - INFO - No improvement for 5 epoch(s).
2025-01-19 23:12:31,664 - INFO - Epoch 39/50
2025-01-19 23:12:37,071 - INFO - Train Loss: 0.3954, Train Acc: 86.12%
2025-01-19 23:12:39,824 - INFO - Val Loss: 0.5655, Val Acc: 80.25%
2025-01-19 23:12:39,940 - INFO - Best model saved with validation accuracy: 80.25%
2025-01-19 23:12:39,940 - INFO - Epoch 40/50
2025-01-19 23:12:45,331 - INFO - Train Loss: 0.3975, Train Acc: 86.25%
2025-01-19 23:12:48,362 - INFO - Val Loss: 0.5689, Val Acc: 80.11%
2025-01-19 23:12:48,363 - INFO - No improvement for 1 epoch(s).
2025-01-19 23:12:48,364 - INFO - Epoch 41/50
2025-01-19 23:12:53,531 - INFO - Train Loss: 0.3934, Train Acc: 86.06%
2025-01-19 23:12:55,964 - INFO - Val Loss: 0.5817, Val Acc: 80.04%
2025-01-19 23:12:55,965 - INFO - No improvement for 2 epoch(s).
2025-01-19 23:12:55,966 - INFO - Epoch 42/50
2025-01-19 23:13:01,723 - INFO - Train Loss: 0.3948, Train Acc: 85.83%
2025-01-19 23:13:04,269 - INFO - Val Loss: 0.5597, Val Acc: 80.18%
2025-01-19 23:13:04,270 - INFO - No improvement for 3 epoch(s).
2025-01-19 23:13:04,271 - INFO - Epoch 43/50
2025-01-19 23:13:09,510 - INFO - Train Loss: 0.3806, Train Acc: 86.44%
2025-01-19 23:13:12,012 - INFO - Val Loss: 0.5636, Val Acc: 80.29%
2025-01-19 23:13:12,126 - INFO - Best model saved with validation accuracy: 80.29%
2025-01-19 23:13:12,127 - INFO - Epoch 44/50
2025-01-19 23:13:17,935 - INFO - Train Loss: 0.3880, Train Acc: 85.89%
2025-01-19 23:13:20,346 - INFO - Val Loss: 0.5835, Val Acc: 79.38%
2025-01-19 23:13:20,347 - INFO - No improvement for 1 epoch(s).
2025-01-19 23:13:20,348 - INFO - Epoch 45/50
2025-01-19 23:13:25,403 - INFO - Train Loss: 0.3858, Train Acc: 86.39%
2025-01-19 23:13:28,402 - INFO - Val Loss: 0.5955, Val Acc: 79.93%
2025-01-19 23:13:28,403 - INFO - No improvement for 2 epoch(s).
2025-01-19 23:13:28,404 - INFO - Epoch 46/50
2025-01-19 23:13:33,905 - INFO - Train Loss: 0.3913, Train Acc: 86.10%
2025-01-19 23:13:36,667 - INFO - Val Loss: 0.5570, Val Acc: 80.66%
2025-01-19 23:13:36,758 - INFO - Best model saved with validation accuracy: 80.66%
2025-01-19 23:13:36,758 - INFO - Epoch 47/50
2025-01-19 23:13:42,156 - INFO - Train Loss: 0.3719, Train Acc: 87.15%
2025-01-19 23:13:45,143 - INFO - Val Loss: 0.5688, Val Acc: 79.89%
2025-01-19 23:13:45,143 - INFO - No improvement for 1 epoch(s).
2025-01-19 23:13:45,145 - INFO - Epoch 48/50
2025-01-19 23:13:50,339 - INFO - Train Loss: 0.3738, Train Acc: 86.67%
2025-01-19 23:13:53,043 - INFO - Val Loss: 0.5542, Val Acc: 81.02%
2025-01-19 23:13:53,124 - INFO - Best model saved with validation accuracy: 81.02%
2025-01-19 23:13:53,124 - INFO - Epoch 49/50
2025-01-19 23:13:58,616 - INFO - Train Loss: 0.3635, Train Acc: 87.44%
2025-01-19 23:14:01,622 - INFO - Val Loss: 0.5876, Val Acc: 79.36%
2025-01-19 23:14:01,623 - INFO - No improvement for 1 epoch(s).
2025-01-19 23:14:01,623 - INFO - Epoch 50/50
2025-01-19 23:14:06,824 - INFO - Train Loss: 0.3848, Train Acc: 86.25%
2025-01-19 23:14:09,248 - INFO - Val Loss: 0.5820, Val Acc: 79.83%
2025-01-19 23:14:09,248 - INFO - No improvement for 2 epoch(s).
2025-01-19 23:14:09,250 - INFO - Training completed.
2025-01-19 23:14:09,250 - INFO - Evaluating on test set...
2025-01-19 23:14:12,037 - INFO - Test Accuracy: 82.52%
2025-01-19 23:14:12,058 - INFO - Classification Report:
              precision    recall  f1-score   support

        bike       0.85      0.87      0.86      2482
         bus       0.81      0.76      0.78      3347
         car       0.65      0.52      0.58      1970
       train       0.74      0.84      0.78      2298
        walk       0.93      0.98      0.95      4449

    accuracy                           0.83     14546
   macro avg       0.80      0.79      0.79     14546
weighted avg       0.82      0.83      0.82     14546

2025-01-19 23:14:12,189 - INFO - Evaluation completed. LSTM script finished successfully.
