2025-10-23 21:51:37,292 - INFO - Starting LSTM training process...
2025-10-23 21:51:37,292 - INFO - Loading and processing data with DataHandler...
2025-10-23 21:51:50,837 - INFO - Scaler saved to scaler.joblib
2025-10-23 21:51:50,838 - INFO - Label encoder saved to label_encoder.joblib
2025-10-23 21:51:50,838 - INFO - Dataloaders created for train, val, and test sets.
2025-10-23 21:51:50,958 - INFO - Using device: cuda
2025-10-23 21:51:52,995 - INFO - LSTM model initialized.
2025-10-23 21:52:18,311 - INFO - Criterion (CrossEntropyLoss) and Adam optimizer initialized.
2025-10-23 21:52:18,312 - INFO - Begin model training for up to 50 epochs...
2025-10-23 21:52:18,314 - INFO - Epoch 1/50
2025-10-23 21:52:38,061 - INFO - Train Loss: 0.8236, Train Acc: 67.35%
2025-10-23 21:52:38,575 - INFO - Val Loss: 0.6656, Val Acc: 77.01%
2025-10-23 21:52:38,669 - INFO - Best model saved with validation accuracy: 77.01%
2025-10-23 21:52:38,669 - INFO - Epoch 2/50
2025-10-23 21:52:50,022 - INFO - Train Loss: 0.5852, Train Acc: 78.92%
2025-10-23 21:52:50,539 - INFO - Val Loss: 0.5855, Val Acc: 79.07%
2025-10-23 21:52:50,688 - INFO - Best model saved with validation accuracy: 79.07%
2025-10-23 21:52:50,689 - INFO - Epoch 3/50
2025-10-23 21:53:02,021 - INFO - Train Loss: 0.5499, Train Acc: 80.28%
2025-10-23 21:53:02,543 - INFO - Val Loss: 0.5731, Val Acc: 80.70%
2025-10-23 21:53:02,617 - INFO - Best model saved with validation accuracy: 80.70%
2025-10-23 21:53:02,617 - INFO - Epoch 4/50
2025-10-23 21:53:13,923 - INFO - Train Loss: 0.5362, Train Acc: 80.59%
2025-10-23 21:53:14,442 - INFO - Val Loss: 0.5927, Val Acc: 79.36%
2025-10-23 21:53:14,442 - INFO - No improvement for 1 epoch(s).
2025-10-23 21:53:14,444 - INFO - Epoch 5/50
2025-10-23 21:53:25,825 - INFO - Train Loss: 0.5376, Train Acc: 80.55%
2025-10-23 21:53:26,343 - INFO - Val Loss: 0.5599, Val Acc: 79.74%
2025-10-23 21:53:26,344 - INFO - No improvement for 2 epoch(s).
2025-10-23 21:53:26,345 - INFO - Epoch 6/50
2025-10-23 21:53:37,521 - INFO - Train Loss: 0.5090, Train Acc: 81.56%
2025-10-23 21:53:38,029 - INFO - Val Loss: 0.5282, Val Acc: 82.26%
2025-10-23 21:53:38,175 - INFO - Best model saved with validation accuracy: 82.26%
2025-10-23 21:53:38,175 - INFO - Epoch 7/50
2025-10-23 21:53:49,526 - INFO - Train Loss: 0.4877, Train Acc: 82.49%
2025-10-23 21:53:50,087 - INFO - Val Loss: 0.5291, Val Acc: 81.95%
2025-10-23 21:53:50,087 - INFO - No improvement for 1 epoch(s).
2025-10-23 21:53:50,087 - INFO - Epoch 8/50
