2025-01-14 01:51:12,061 - INFO - Starting LSTM training process...
2025-01-14 01:51:12,062 - INFO - Loading and processing data with DataHandler...
2025-01-14 01:51:24,617 - INFO - Scaler saved to scaler.joblib
2025-01-14 01:51:24,617 - INFO - Label encoder saved to label_encoder.joblib
2025-01-14 01:51:24,617 - INFO - Dataloaders created for train, val, and test sets.
2025-01-14 01:51:24,743 - INFO - Using device: cuda
2025-01-14 01:51:24,986 - INFO - LSTM model initialized.
2025-01-14 01:51:28,027 - INFO - Criterion (CrossEntropyLoss) and Adam optimizer initialized.
2025-01-14 01:51:28,027 - INFO - Begin model training for up to 50 epochs...
2025-01-14 01:51:28,028 - INFO - Epoch 1/50
2025-01-14 01:51:30,305 - INFO - Train Loss: 1.3143, Train Acc: 43.43%
2025-01-14 01:51:31,483 - INFO - Val Loss: 1.0927, Val Acc: 49.29%
2025-01-14 01:51:31,554 - INFO - Best model saved with validation accuracy: 49.29%
2025-01-14 01:51:31,554 - INFO - Epoch 2/50
2025-01-14 01:51:33,373 - INFO - Train Loss: 0.9231, Train Acc: 57.13%
2025-01-14 01:51:34,599 - INFO - Val Loss: 0.8385, Val Acc: 69.80%
2025-01-14 01:51:34,896 - INFO - Best model saved with validation accuracy: 69.80%
2025-01-14 01:51:34,897 - INFO - Epoch 3/50
2025-01-14 01:51:36,747 - INFO - Train Loss: 0.7069, Train Acc: 73.59%
2025-01-14 01:51:38,065 - INFO - Val Loss: 0.7031, Val Acc: 76.83%
2025-01-14 01:51:38,193 - INFO - Best model saved with validation accuracy: 76.83%
2025-01-14 01:51:38,193 - INFO - Epoch 4/50
2025-01-14 01:51:40,110 - INFO - Train Loss: 0.5969, Train Acc: 78.56%
2025-01-14 01:51:41,390 - INFO - Val Loss: 0.6638, Val Acc: 76.84%
2025-01-14 01:51:41,532 - INFO - Best model saved with validation accuracy: 76.84%
2025-01-14 01:51:41,532 - INFO - Epoch 5/50
2025-01-14 01:51:43,396 - INFO - Train Loss: 0.5469, Train Acc: 80.24%
2025-01-14 01:51:44,627 - INFO - Val Loss: 0.6492, Val Acc: 77.90%
2025-01-14 01:51:44,738 - INFO - Best model saved with validation accuracy: 77.90%
2025-01-14 01:51:44,738 - INFO - Epoch 6/50
2025-01-14 01:51:46,559 - INFO - Train Loss: 0.5440, Train Acc: 79.86%
2025-01-14 01:51:47,764 - INFO - Val Loss: 0.6609, Val Acc: 76.80%
2025-01-14 01:51:47,764 - INFO - No improvement for 1 epoch(s).
2025-01-14 01:51:47,765 - INFO - Epoch 7/50
2025-01-14 01:51:49,566 - INFO - Train Loss: 0.5347, Train Acc: 80.89%
2025-01-14 01:51:50,798 - INFO - Val Loss: 0.6333, Val Acc: 77.59%
2025-01-14 01:51:50,798 - INFO - No improvement for 2 epoch(s).
2025-01-14 01:51:50,799 - INFO - Epoch 8/50
2025-01-14 01:51:52,609 - INFO - Train Loss: 0.5241, Train Acc: 81.12%
2025-01-14 01:51:53,865 - INFO - Val Loss: 0.6507, Val Acc: 77.03%
2025-01-14 01:51:53,865 - INFO - No improvement for 3 epoch(s).
2025-01-14 01:51:53,865 - INFO - Epoch 9/50
2025-01-14 01:51:55,679 - INFO - Train Loss: 0.5115, Train Acc: 80.95%
2025-01-14 01:51:56,887 - INFO - Val Loss: 0.6181, Val Acc: 78.30%
2025-01-14 01:51:56,953 - INFO - Best model saved with validation accuracy: 78.30%
2025-01-14 01:51:56,953 - INFO - Epoch 10/50
2025-01-14 01:51:58,734 - INFO - Train Loss: 0.5090, Train Acc: 81.21%
2025-01-14 01:51:59,953 - INFO - Val Loss: 0.6400, Val Acc: 77.86%
2025-01-14 01:51:59,954 - INFO - No improvement for 1 epoch(s).
2025-01-14 01:51:59,955 - INFO - Epoch 11/50
2025-01-14 01:52:01,804 - INFO - Train Loss: 0.5105, Train Acc: 81.86%
2025-01-14 01:52:03,118 - INFO - Val Loss: 0.6280, Val Acc: 78.40%
2025-01-14 01:52:03,212 - INFO - Best model saved with validation accuracy: 78.40%
2025-01-14 01:52:03,212 - INFO - Epoch 12/50
2025-01-14 01:52:05,060 - INFO - Train Loss: 0.5016, Train Acc: 81.68%
2025-01-14 01:52:06,339 - INFO - Val Loss: 0.6183, Val Acc: 78.28%
2025-01-14 01:52:06,339 - INFO - No improvement for 1 epoch(s).
2025-01-14 01:52:06,339 - INFO - Epoch 13/50
2025-01-14 01:52:08,197 - INFO - Train Loss: 0.5031, Train Acc: 81.54%
2025-01-14 01:52:09,534 - INFO - Val Loss: 0.6179, Val Acc: 78.16%
2025-01-14 01:52:09,535 - INFO - No improvement for 2 epoch(s).
2025-01-14 01:52:09,536 - INFO - Epoch 14/50
2025-01-14 01:52:11,403 - INFO - Train Loss: 0.4969, Train Acc: 81.86%
2025-01-14 01:52:12,615 - INFO - Val Loss: 0.6414, Val Acc: 77.73%
2025-01-14 01:52:12,615 - INFO - No improvement for 3 epoch(s).
2025-01-14 01:52:12,615 - INFO - Epoch 15/50
2025-01-14 01:52:14,444 - INFO - Train Loss: 0.5014, Train Acc: 81.74%
2025-01-14 01:52:15,695 - INFO - Val Loss: 0.6326, Val Acc: 77.83%
2025-01-14 01:52:15,695 - INFO - No improvement for 4 epoch(s).
2025-01-14 01:52:15,695 - INFO - Epoch 16/50
2025-01-14 01:52:17,481 - INFO - Train Loss: 0.5111, Train Acc: 81.98%
2025-01-14 01:52:18,738 - INFO - Val Loss: 0.6410, Val Acc: 78.17%
2025-01-14 01:52:18,739 - INFO - No improvement for 5 epoch(s).
2025-01-14 01:52:18,739 - INFO - Epoch 17/50
2025-01-14 01:52:20,564 - INFO - Train Loss: 0.4930, Train Acc: 82.57%
2025-01-14 01:52:21,830 - INFO - Val Loss: 0.6454, Val Acc: 76.56%
2025-01-14 01:52:21,831 - INFO - No improvement for 6 epoch(s).
2025-01-14 01:52:21,832 - INFO - Epoch 18/50
2025-01-14 01:52:23,668 - INFO - Train Loss: 0.4957, Train Acc: 80.98%
2025-01-14 01:52:24,922 - INFO - Val Loss: 0.6029, Val Acc: 79.05%
2025-01-14 01:52:25,016 - INFO - Best model saved with validation accuracy: 79.05%
2025-01-14 01:52:25,016 - INFO - Epoch 19/50
2025-01-14 01:52:26,878 - INFO - Train Loss: 0.4784, Train Acc: 82.69%
2025-01-14 01:52:28,134 - INFO - Val Loss: 0.6252, Val Acc: 78.67%
2025-01-14 01:52:28,134 - INFO - No improvement for 1 epoch(s).
2025-01-14 01:52:28,135 - INFO - Epoch 20/50
2025-01-14 01:52:29,965 - INFO - Train Loss: 0.4735, Train Acc: 82.98%
2025-01-14 01:52:31,224 - INFO - Val Loss: 0.5980, Val Acc: 79.37%
2025-01-14 01:52:31,336 - INFO - Best model saved with validation accuracy: 79.37%
2025-01-14 01:52:31,336 - INFO - Epoch 21/50
2025-01-14 01:52:33,164 - INFO - Train Loss: 0.4678, Train Acc: 83.69%
2025-01-14 01:52:34,412 - INFO - Val Loss: 0.6045, Val Acc: 78.95%
2025-01-14 01:52:34,412 - INFO - No improvement for 1 epoch(s).
2025-01-14 01:52:34,413 - INFO - Epoch 22/50
2025-01-14 01:52:36,272 - INFO - Train Loss: 0.4731, Train Acc: 82.92%
2025-01-14 01:52:37,503 - INFO - Val Loss: 0.6106, Val Acc: 78.81%
2025-01-14 01:52:37,503 - INFO - No improvement for 2 epoch(s).
2025-01-14 01:52:37,504 - INFO - Epoch 23/50
2025-01-14 01:52:39,343 - INFO - Train Loss: 0.4912, Train Acc: 82.92%
2025-01-14 01:52:40,590 - INFO - Val Loss: 0.5984, Val Acc: 79.11%
2025-01-14 01:52:40,590 - INFO - No improvement for 3 epoch(s).
2025-01-14 01:52:40,591 - INFO - Epoch 24/50
2025-01-14 01:52:42,430 - INFO - Train Loss: 0.4970, Train Acc: 82.39%
2025-01-14 01:52:43,622 - INFO - Val Loss: 0.6196, Val Acc: 78.38%
2025-01-14 01:52:43,622 - INFO - No improvement for 4 epoch(s).
2025-01-14 01:52:43,624 - INFO - Epoch 25/50
2025-01-14 01:52:45,472 - INFO - Train Loss: 0.4762, Train Acc: 82.92%
2025-01-14 01:52:46,763 - INFO - Val Loss: 0.5788, Val Acc: 80.01%
2025-01-14 01:52:46,877 - INFO - Best model saved with validation accuracy: 80.01%
2025-01-14 01:52:46,878 - INFO - Epoch 26/50
2025-01-14 01:52:48,757 - INFO - Train Loss: 0.4714, Train Acc: 82.92%
2025-01-14 01:52:49,994 - INFO - Val Loss: 0.5817, Val Acc: 79.84%
2025-01-14 01:52:49,995 - INFO - No improvement for 1 epoch(s).
2025-01-14 01:52:49,996 - INFO - Epoch 27/50
2025-01-14 01:52:51,829 - INFO - Train Loss: 0.4458, Train Acc: 83.78%
2025-01-14 01:52:53,104 - INFO - Val Loss: 0.5816, Val Acc: 80.08%
2025-01-14 01:52:53,239 - INFO - Best model saved with validation accuracy: 80.08%
2025-01-14 01:52:53,240 - INFO - Epoch 28/50
2025-01-14 01:52:55,074 - INFO - Train Loss: 0.4474, Train Acc: 83.92%
2025-01-14 01:52:56,321 - INFO - Val Loss: 0.5855, Val Acc: 79.71%
2025-01-14 01:52:56,322 - INFO - No improvement for 1 epoch(s).
2025-01-14 01:52:56,323 - INFO - Epoch 29/50
2025-01-14 01:52:58,162 - INFO - Train Loss: 0.4577, Train Acc: 83.48%
2025-01-14 01:52:59,415 - INFO - Val Loss: 0.5942, Val Acc: 79.72%
2025-01-14 01:52:59,415 - INFO - No improvement for 2 epoch(s).
2025-01-14 01:52:59,416 - INFO - Epoch 30/50
2025-01-14 01:53:01,246 - INFO - Train Loss: 0.4417, Train Acc: 84.25%
2025-01-14 01:53:02,517 - INFO - Val Loss: 0.5641, Val Acc: 80.70%
2025-01-14 01:53:02,627 - INFO - Best model saved with validation accuracy: 80.70%
2025-01-14 01:53:02,627 - INFO - Epoch 31/50
2025-01-14 01:53:04,488 - INFO - Train Loss: 0.4328, Train Acc: 84.54%
2025-01-14 01:53:05,788 - INFO - Val Loss: 0.5748, Val Acc: 80.68%
2025-01-14 01:53:05,789 - INFO - No improvement for 1 epoch(s).
2025-01-14 01:53:05,790 - INFO - Epoch 32/50
2025-01-14 01:53:07,645 - INFO - Train Loss: 0.4276, Train Acc: 84.54%
2025-01-14 01:53:08,949 - INFO - Val Loss: 0.5619, Val Acc: 80.93%
2025-01-14 01:53:09,057 - INFO - Best model saved with validation accuracy: 80.93%
2025-01-14 01:53:09,058 - INFO - Epoch 33/50
2025-01-14 01:53:10,883 - INFO - Train Loss: 0.4370, Train Acc: 84.33%
2025-01-14 01:53:12,141 - INFO - Val Loss: 0.6012, Val Acc: 79.18%
2025-01-14 01:53:12,142 - INFO - No improvement for 1 epoch(s).
2025-01-14 01:53:12,143 - INFO - Epoch 34/50
2025-01-14 01:53:13,979 - INFO - Train Loss: 0.4418, Train Acc: 84.36%
2025-01-14 01:53:15,310 - INFO - Val Loss: 0.5752, Val Acc: 80.47%
2025-01-14 01:53:15,311 - INFO - No improvement for 2 epoch(s).
2025-01-14 01:53:15,312 - INFO - Epoch 35/50
2025-01-14 01:53:17,181 - INFO - Train Loss: 0.4406, Train Acc: 84.39%
2025-01-14 01:53:18,486 - INFO - Val Loss: 0.5765, Val Acc: 80.68%
2025-01-14 01:53:18,487 - INFO - No improvement for 3 epoch(s).
2025-01-14 01:53:18,488 - INFO - Epoch 36/50
2025-01-14 01:53:20,305 - INFO - Train Loss: 0.4262, Train Acc: 85.19%
2025-01-14 01:53:21,510 - INFO - Val Loss: 0.6010, Val Acc: 79.26%
2025-01-14 01:53:21,510 - INFO - No improvement for 4 epoch(s).
2025-01-14 01:53:21,510 - INFO - Epoch 37/50
2025-01-14 01:53:23,306 - INFO - Train Loss: 0.4244, Train Acc: 84.60%
2025-01-14 01:53:24,603 - INFO - Val Loss: 0.5599, Val Acc: 80.73%
2025-01-14 01:53:24,604 - INFO - No improvement for 5 epoch(s).
2025-01-14 01:53:24,607 - INFO - Epoch 38/50
2025-01-14 01:53:26,467 - INFO - Train Loss: 0.4249, Train Acc: 84.66%
2025-01-14 01:53:27,745 - INFO - Val Loss: 0.5938, Val Acc: 79.63%
2025-01-14 01:53:27,746 - INFO - No improvement for 6 epoch(s).
2025-01-14 01:53:27,746 - INFO - Epoch 39/50
2025-01-14 01:53:29,571 - INFO - Train Loss: 0.4315, Train Acc: 84.28%
2025-01-14 01:53:30,834 - INFO - Val Loss: 0.5823, Val Acc: 80.06%
2025-01-14 01:53:30,834 - INFO - No improvement for 7 epoch(s).
2025-01-14 01:53:30,836 - INFO - Early stopping triggered!
2025-01-14 01:53:30,836 - INFO - Training completed.
2025-01-14 01:53:30,836 - INFO - Evaluating on test set...
2025-01-14 01:53:31,989 - INFO - Test Accuracy: 80.21%
2025-01-14 01:53:32,019 - INFO - Classification Report:
              precision    recall  f1-score   support

        bike       0.86      0.85      0.86      2716
         bus       0.75      0.81      0.78      3596
         car       0.57      0.53      0.55      2178
       train       0.74      0.60      0.67      1906
        walk       0.92      0.98      0.95      4635

    accuracy                           0.80     15031
   macro avg       0.77      0.75      0.76     15031
weighted avg       0.80      0.80      0.80     15031

2025-01-14 01:53:32,146 - INFO - Evaluation completed. LSTM script finished successfully.
Train: 934, Val: 4206, Test: 4207