2025-01-14 01:48:19,933 - INFO - Starting LSTM training process...
2025-01-14 01:48:19,934 - INFO - Loading and processing data with DataHandler...
2025-01-14 01:48:32,288 - INFO - Scaler saved to scaler.joblib
2025-01-14 01:48:32,289 - INFO - Label encoder saved to label_encoder.joblib
2025-01-14 01:48:32,289 - INFO - Dataloaders created for train, val, and test sets.
2025-01-14 01:48:32,416 - INFO - Using device: cuda
2025-01-14 01:48:32,660 - INFO - LSTM model initialized.
2025-01-14 01:48:35,856 - INFO - Criterion (CrossEntropyLoss) and Adam optimizer initialized.
2025-01-14 01:48:35,857 - INFO - Begin model training for up to 50 epochs...
2025-01-14 01:48:35,858 - INFO - Epoch 1/50
2025-01-14 01:48:37,266 - INFO - Train Loss: 1.4885, Train Acc: 37.47%
2025-01-14 01:48:38,556 - INFO - Val Loss: 1.3252, Val Acc: 45.93%
2025-01-14 01:48:38,663 - INFO - Best model saved with validation accuracy: 45.93%
2025-01-14 01:48:38,663 - INFO - Epoch 2/50
2025-01-14 01:48:39,609 - INFO - Train Loss: 1.1688, Train Acc: 46.49%
2025-01-14 01:48:40,886 - INFO - Val Loss: 1.1575, Val Acc: 42.03%
2025-01-14 01:48:40,886 - INFO - No improvement for 1 epoch(s).
2025-01-14 01:48:40,887 - INFO - Epoch 3/50
2025-01-14 01:48:41,888 - INFO - Train Loss: 1.0196, Train Acc: 51.57%
2025-01-14 01:48:43,147 - INFO - Val Loss: 0.9787, Val Acc: 56.85%
2025-01-14 01:48:43,267 - INFO - Best model saved with validation accuracy: 56.85%
2025-01-14 01:48:43,267 - INFO - Epoch 4/50
2025-01-14 01:48:44,190 - INFO - Train Loss: 0.9007, Train Acc: 58.33%
2025-01-14 01:48:45,466 - INFO - Val Loss: 0.8642, Val Acc: 65.64%
2025-01-14 01:48:45,547 - INFO - Best model saved with validation accuracy: 65.64%
2025-01-14 01:48:45,547 - INFO - Epoch 5/50
2025-01-14 01:48:46,503 - INFO - Train Loss: 0.7767, Train Acc: 70.05%
2025-01-14 01:48:47,745 - INFO - Val Loss: 0.7494, Val Acc: 77.01%
2025-01-14 01:48:47,821 - INFO - Best model saved with validation accuracy: 77.01%
2025-01-14 01:48:47,821 - INFO - Epoch 6/50
2025-01-14 01:48:48,782 - INFO - Train Loss: 0.6698, Train Acc: 76.32%
2025-01-14 01:48:50,049 - INFO - Val Loss: 1.1227, Val Acc: 65.32%
2025-01-14 01:48:50,050 - INFO - No improvement for 1 epoch(s).
2025-01-14 01:48:50,051 - INFO - Epoch 7/50
2025-01-14 01:48:50,990 - INFO - Train Loss: 0.7047, Train Acc: 72.43%
2025-01-14 01:48:52,285 - INFO - Val Loss: 0.7869, Val Acc: 71.42%
2025-01-14 01:48:52,285 - INFO - No improvement for 2 epoch(s).
2025-01-14 01:48:52,286 - INFO - Epoch 8/50
2025-01-14 01:48:53,263 - INFO - Train Loss: 0.6486, Train Acc: 75.06%
2025-01-14 01:48:54,554 - INFO - Val Loss: 0.7897, Val Acc: 70.75%
2025-01-14 01:48:54,554 - INFO - No improvement for 3 epoch(s).
2025-01-14 01:48:54,555 - INFO - Epoch 9/50
2025-01-14 01:48:55,524 - INFO - Train Loss: 0.6037, Train Acc: 75.63%
2025-01-14 01:48:56,813 - INFO - Val Loss: 0.7050, Val Acc: 75.13%
2025-01-14 01:48:56,814 - INFO - No improvement for 4 epoch(s).
2025-01-14 01:48:56,815 - INFO - Epoch 10/50
2025-01-14 01:48:57,776 - INFO - Train Loss: 0.5459, Train Acc: 78.70%
2025-01-14 01:48:59,048 - INFO - Val Loss: 0.6450, Val Acc: 77.78%
2025-01-14 01:48:59,150 - INFO - Best model saved with validation accuracy: 77.78%
2025-01-14 01:48:59,151 - INFO - Epoch 11/50
2025-01-14 01:49:00,087 - INFO - Train Loss: 0.5254, Train Acc: 80.64%
2025-01-14 01:49:01,301 - INFO - Val Loss: 0.6431, Val Acc: 78.02%
2025-01-14 01:49:01,399 - INFO - Best model saved with validation accuracy: 78.02%
2025-01-14 01:49:01,399 - INFO - Epoch 12/50
2025-01-14 01:49:02,314 - INFO - Train Loss: 0.5153, Train Acc: 80.39%
2025-01-14 01:49:03,553 - INFO - Val Loss: 0.6534, Val Acc: 78.15%
2025-01-14 01:49:03,636 - INFO - Best model saved with validation accuracy: 78.15%
2025-01-14 01:49:03,636 - INFO - Epoch 13/50
2025-01-14 01:49:04,560 - INFO - Train Loss: 0.5155, Train Acc: 79.95%
2025-01-14 01:49:05,812 - INFO - Val Loss: 0.6528, Val Acc: 78.24%
2025-01-14 01:49:05,873 - INFO - Best model saved with validation accuracy: 78.24%
2025-01-14 01:49:05,873 - INFO - Epoch 14/50
2025-01-14 01:49:06,847 - INFO - Train Loss: 0.5080, Train Acc: 80.20%
2025-01-14 01:49:08,113 - INFO - Val Loss: 0.6384, Val Acc: 78.40%
2025-01-14 01:49:08,176 - INFO - Best model saved with validation accuracy: 78.40%
2025-01-14 01:49:08,177 - INFO - Epoch 15/50
2025-01-14 01:49:09,139 - INFO - Train Loss: 0.4947, Train Acc: 81.45%
2025-01-14 01:49:10,429 - INFO - Val Loss: 0.6444, Val Acc: 78.19%
2025-01-14 01:49:10,429 - INFO - No improvement for 1 epoch(s).
2025-01-14 01:49:10,430 - INFO - Epoch 16/50
2025-01-14 01:49:11,378 - INFO - Train Loss: 0.4953, Train Acc: 80.95%
2025-01-14 01:49:12,680 - INFO - Val Loss: 0.6464, Val Acc: 78.19%
2025-01-14 01:49:12,681 - INFO - No improvement for 2 epoch(s).
2025-01-14 01:49:12,682 - INFO - Epoch 17/50
2025-01-14 01:49:13,630 - INFO - Train Loss: 0.4944, Train Acc: 80.45%
2025-01-14 01:49:14,948 - INFO - Val Loss: 0.6571, Val Acc: 78.10%
2025-01-14 01:49:14,948 - INFO - No improvement for 3 epoch(s).
2025-01-14 01:49:14,948 - INFO - Epoch 18/50
2025-01-14 01:49:15,899 - INFO - Train Loss: 0.4875, Train Acc: 81.08%
2025-01-14 01:49:17,164 - INFO - Val Loss: 0.6511, Val Acc: 78.14%
2025-01-14 01:49:17,165 - INFO - No improvement for 4 epoch(s).
2025-01-14 01:49:17,166 - INFO - Epoch 19/50
2025-01-14 01:49:18,126 - INFO - Train Loss: 0.4927, Train Acc: 81.27%
2025-01-14 01:49:19,365 - INFO - Val Loss: 0.6314, Val Acc: 78.65%
2025-01-14 01:49:19,484 - INFO - Best model saved with validation accuracy: 78.65%
2025-01-14 01:49:19,484 - INFO - Epoch 20/50
2025-01-14 01:49:20,423 - INFO - Train Loss: 0.4821, Train Acc: 81.70%
2025-01-14 01:49:21,771 - INFO - Val Loss: 0.6586, Val Acc: 78.13%
2025-01-14 01:49:21,771 - INFO - No improvement for 1 epoch(s).
2025-01-14 01:49:21,771 - INFO - Epoch 21/50
2025-01-14 01:49:22,739 - INFO - Train Loss: 0.4867, Train Acc: 81.45%
2025-01-14 01:49:24,019 - INFO - Val Loss: 0.6459, Val Acc: 78.77%
2025-01-14 01:49:24,118 - INFO - Best model saved with validation accuracy: 78.77%
2025-01-14 01:49:24,119 - INFO - Epoch 22/50
2025-01-14 01:49:25,097 - INFO - Train Loss: 0.4755, Train Acc: 81.52%
2025-01-14 01:49:26,411 - INFO - Val Loss: 0.6305, Val Acc: 78.82%
2025-01-14 01:49:26,492 - INFO - Best model saved with validation accuracy: 78.82%
2025-01-14 01:49:26,492 - INFO - Epoch 23/50
2025-01-14 01:49:27,442 - INFO - Train Loss: 0.4726, Train Acc: 81.58%
2025-01-14 01:49:28,734 - INFO - Val Loss: 0.6574, Val Acc: 78.36%
2025-01-14 01:49:28,734 - INFO - No improvement for 1 epoch(s).
2025-01-14 01:49:28,736 - INFO - Epoch 24/50
2025-01-14 01:49:29,700 - INFO - Train Loss: 0.4720, Train Acc: 81.70%
2025-01-14 01:49:30,934 - INFO - Val Loss: 0.6386, Val Acc: 78.82%
2025-01-14 01:49:30,934 - INFO - No improvement for 2 epoch(s).
2025-01-14 01:49:30,934 - INFO - Epoch 25/50
2025-01-14 01:49:31,860 - INFO - Train Loss: 0.4732, Train Acc: 82.83%
2025-01-14 01:49:33,171 - INFO - Val Loss: 0.6451, Val Acc: 78.90%
2025-01-14 01:49:33,242 - INFO - Best model saved with validation accuracy: 78.90%
2025-01-14 01:49:33,242 - INFO - Epoch 26/50
2025-01-14 01:49:34,158 - INFO - Train Loss: 0.4719, Train Acc: 82.39%
2025-01-14 01:49:35,421 - INFO - Val Loss: 0.6392, Val Acc: 78.82%
2025-01-14 01:49:35,422 - INFO - No improvement for 1 epoch(s).
2025-01-14 01:49:35,423 - INFO - Epoch 27/50
2025-01-14 01:49:36,404 - INFO - Train Loss: 0.4665, Train Acc: 82.39%
2025-01-14 01:49:37,649 - INFO - Val Loss: 0.6296, Val Acc: 79.21%
2025-01-14 01:49:37,718 - INFO - Best model saved with validation accuracy: 79.21%
2025-01-14 01:49:37,719 - INFO - Epoch 28/50
2025-01-14 01:49:38,640 - INFO - Train Loss: 0.4709, Train Acc: 81.89%
2025-01-14 01:49:39,888 - INFO - Val Loss: 0.6229, Val Acc: 78.95%
2025-01-14 01:49:39,888 - INFO - No improvement for 1 epoch(s).
2025-01-14 01:49:39,888 - INFO - Epoch 29/50
2025-01-14 01:49:40,810 - INFO - Train Loss: 0.4696, Train Acc: 81.20%
2025-01-14 01:49:42,118 - INFO - Val Loss: 0.6798, Val Acc: 71.65%
2025-01-14 01:49:42,118 - INFO - No improvement for 2 epoch(s).
2025-01-14 01:49:42,120 - INFO - Epoch 30/50
2025-01-14 01:49:43,074 - INFO - Train Loss: 0.4527, Train Acc: 82.77%
2025-01-14 01:49:44,381 - INFO - Val Loss: 0.6230, Val Acc: 79.18%
2025-01-14 01:49:44,381 - INFO - No improvement for 3 epoch(s).
2025-01-14 01:49:44,381 - INFO - Epoch 31/50
2025-01-14 01:49:45,358 - INFO - Train Loss: 0.4485, Train Acc: 83.02%
2025-01-14 01:49:46,835 - INFO - Val Loss: 0.6430, Val Acc: 75.21%
2025-01-14 01:49:46,836 - INFO - No improvement for 4 epoch(s).
2025-01-14 01:49:46,836 - INFO - Epoch 32/50
2025-01-14 01:49:47,817 - INFO - Train Loss: 0.4471, Train Acc: 84.21%
2025-01-14 01:49:49,237 - INFO - Val Loss: 0.6331, Val Acc: 78.18%
2025-01-14 01:49:49,237 - INFO - No improvement for 5 epoch(s).
2025-01-14 01:49:49,237 - INFO - Epoch 33/50
2025-01-14 01:49:50,191 - INFO - Train Loss: 0.4699, Train Acc: 81.52%
2025-01-14 01:49:51,648 - INFO - Val Loss: 0.6945, Val Acc: 70.81%
2025-01-14 01:49:51,648 - INFO - No improvement for 6 epoch(s).
2025-01-14 01:49:51,649 - INFO - Epoch 34/50
2025-01-14 01:49:52,627 - INFO - Train Loss: 0.4610, Train Acc: 81.14%
2025-01-14 01:49:53,960 - INFO - Val Loss: 0.6531, Val Acc: 78.44%
2025-01-14 01:49:53,961 - INFO - No improvement for 7 epoch(s).
2025-01-14 01:49:53,961 - INFO - Early stopping triggered!
2025-01-14 01:49:53,962 - INFO - Training completed.
2025-01-14 01:49:53,962 - INFO - Evaluating on test set...
2025-01-14 01:49:55,185 - INFO - Test Accuracy: 78.63%
2025-01-14 01:49:55,216 - INFO - Classification Report:
              precision    recall  f1-score   support

        bike       0.82      0.86      0.84      2809
         bus       0.75      0.75      0.75      3741
         car       0.55      0.49      0.52      2331
       train       0.70      0.68      0.69      2251
        walk       0.93      0.96      0.94      4886

    accuracy                           0.79     16018
   macro avg       0.75      0.75      0.75     16018
weighted avg       0.78      0.79      0.78     16018

2025-01-14 01:49:55,346 - INFO - Evaluation completed. LSTM script finished successfully.
Train: 467, Val: 4440, Test: 4440