2025-09-14 08:55:58,135 - INFO - Starting LSTM training process...
2025-09-14 08:55:58,136 - INFO - Loading and processing data with DataHandler...
2025-09-14 09:16:52,243 - INFO - Scaler saved to /data/A-SpeedTransformer/models/lstm/experiments/mobis_lstm_sweeps/mobis_lr5e-4_bs64_h128_l2_do0.1/scaler.joblib
2025-09-14 09:16:52,244 - INFO - Label encoder saved to /data/A-SpeedTransformer/models/lstm/experiments/mobis_lstm_sweeps/mobis_lr5e-4_bs64_h128_l2_do0.1/label_encoder.joblib
2025-09-14 09:16:52,244 - INFO - Dataloaders created for train, val, and test sets.
2025-09-14 09:16:52,366 - INFO - Using device: cuda
2025-09-14 09:16:52,644 - INFO - LSTM model initialized.
2025-09-14 09:16:58,006 - INFO - Criterion (CrossEntropyLoss) and Adam optimizer initialized.
2025-09-14 09:16:58,007 - INFO - Begin model training for up to 50 epochs...
2025-09-14 09:16:58,007 - INFO - Epoch 1/50
2025-09-14 09:36:07,647 - INFO - Train Loss: 0.2794, Train Acc: 90.10%
2025-09-14 09:36:53,817 - INFO - Val Loss: 0.2397, Val Acc: 91.23%
2025-09-14 09:36:53,843 - INFO - Best model saved with validation accuracy: 91.23%
2025-09-14 09:36:53,843 - INFO - Epoch 2/50
2025-09-14 09:56:23,795 - INFO - Train Loss: 0.2306, Train Acc: 91.59%
2025-09-14 09:57:10,672 - INFO - Val Loss: 0.2146, Val Acc: 92.09%
2025-09-14 09:57:10,708 - INFO - Best model saved with validation accuracy: 92.09%
2025-09-14 09:57:10,708 - INFO - Epoch 3/50
2025-09-14 10:16:42,738 - INFO - Train Loss: 0.2234, Train Acc: 91.83%
2025-09-14 10:17:29,924 - INFO - Val Loss: 0.2215, Val Acc: 91.93%
2025-09-14 10:17:29,925 - INFO - No improvement for 1 epoch(s).
2025-09-14 10:17:29,925 - INFO - Epoch 4/50
2025-09-14 10:36:47,834 - INFO - Train Loss: 0.2203, Train Acc: 91.92%
2025-09-14 10:37:33,568 - INFO - Val Loss: 0.2100, Val Acc: 92.30%
2025-09-14 10:37:33,593 - INFO - Best model saved with validation accuracy: 92.30%
2025-09-14 10:37:33,593 - INFO - Epoch 5/50
2025-09-14 10:56:46,408 - INFO - Train Loss: 0.2175, Train Acc: 92.00%
2025-09-14 10:57:32,272 - INFO - Val Loss: 0.2109, Val Acc: 92.21%
2025-09-14 10:57:32,272 - INFO - No improvement for 1 epoch(s).
2025-09-14 10:57:32,272 - INFO - Epoch 6/50
2025-09-14 11:16:29,048 - INFO - Train Loss: 0.2154, Train Acc: 92.10%
2025-09-14 11:17:13,862 - INFO - Val Loss: 0.2070, Val Acc: 92.32%
2025-09-14 11:17:13,889 - INFO - Best model saved with validation accuracy: 92.32%
2025-09-14 11:17:13,889 - INFO - Epoch 7/50
2025-09-14 11:36:30,232 - INFO - Train Loss: 0.2145, Train Acc: 92.12%
2025-09-14 11:37:15,238 - INFO - Val Loss: 0.2129, Val Acc: 92.11%
2025-09-14 11:37:15,238 - INFO - No improvement for 1 epoch(s).
2025-09-14 11:37:15,239 - INFO - Epoch 8/50
2025-09-14 11:56:27,482 - INFO - Train Loss: 0.2128, Train Acc: 92.17%
2025-09-14 11:57:12,646 - INFO - Val Loss: 0.2051, Val Acc: 92.37%
2025-09-14 11:57:12,689 - INFO - Best model saved with validation accuracy: 92.37%
2025-09-14 11:57:12,690 - INFO - Epoch 9/50
2025-09-14 12:16:35,195 - INFO - Train Loss: 0.2118, Train Acc: 92.20%
2025-09-14 12:17:21,393 - INFO - Val Loss: 0.2023, Val Acc: 92.49%
2025-09-14 12:17:21,418 - INFO - Best model saved with validation accuracy: 92.49%
2025-09-14 12:17:21,418 - INFO - Epoch 10/50
2025-09-14 12:36:49,905 - INFO - Train Loss: 0.2111, Train Acc: 92.23%
2025-09-14 12:37:34,269 - INFO - Val Loss: 0.2047, Val Acc: 92.45%
2025-09-14 12:37:34,269 - INFO - No improvement for 1 epoch(s).
2025-09-14 12:37:34,269 - INFO - Epoch 11/50
2025-09-14 12:57:00,799 - INFO - Train Loss: 0.2104, Train Acc: 92.25%
2025-09-14 12:57:47,395 - INFO - Val Loss: 0.2032, Val Acc: 92.46%
2025-09-14 12:57:47,395 - INFO - No improvement for 2 epoch(s).
2025-09-14 12:57:47,395 - INFO - Epoch 12/50
2025-09-14 13:17:09,124 - INFO - Train Loss: 0.2098, Train Acc: 92.27%
2025-09-14 13:17:54,131 - INFO - Val Loss: 0.2053, Val Acc: 92.37%
2025-09-14 13:17:54,131 - INFO - No improvement for 3 epoch(s).
2025-09-14 13:17:54,131 - INFO - Epoch 13/50
2025-09-14 13:34:16,779 - INFO - Train Loss: 0.2093, Train Acc: 92.28%
2025-09-14 13:34:59,884 - INFO - Val Loss: 0.2086, Val Acc: 92.20%
2025-09-14 13:34:59,884 - INFO - No improvement for 4 epoch(s).
2025-09-14 13:34:59,884 - INFO - Epoch 14/50
