2025-01-14 01:54:52,188 - INFO - Starting LSTM training process...
2025-01-14 01:54:52,188 - INFO - Loading and processing data with DataHandler...
2025-01-14 01:55:05,131 - INFO - Scaler saved to scaler.joblib
2025-01-14 01:55:05,132 - INFO - Label encoder saved to label_encoder.joblib
2025-01-14 01:55:05,132 - INFO - Dataloaders created for train, val, and test sets.
2025-01-14 01:55:05,259 - INFO - Using device: cuda
2025-01-14 01:55:05,528 - INFO - LSTM model initialized.
2025-01-14 01:55:08,948 - INFO - Criterion (CrossEntropyLoss) and Adam optimizer initialized.
2025-01-14 01:55:08,949 - INFO - Begin model training for up to 50 epochs...
2025-01-14 01:55:08,949 - INFO - Epoch 1/50
2025-01-14 01:55:13,066 - INFO - Train Loss: 1.1045, Train Acc: 53.35%
2025-01-14 01:55:14,175 - INFO - Val Loss: 0.8828, Val Acc: 62.98%
2025-01-14 01:55:14,307 - INFO - Best model saved with validation accuracy: 62.98%
2025-01-14 01:55:14,308 - INFO - Epoch 2/50
2025-01-14 01:55:17,908 - INFO - Train Loss: 0.7027, Train Acc: 72.76%
2025-01-14 01:55:19,006 - INFO - Val Loss: 0.7299, Val Acc: 75.44%
2025-01-14 01:55:19,078 - INFO - Best model saved with validation accuracy: 75.44%
2025-01-14 01:55:19,079 - INFO - Epoch 3/50
2025-01-14 01:55:22,747 - INFO - Train Loss: 0.5962, Train Acc: 77.97%
2025-01-14 01:55:23,851 - INFO - Val Loss: 0.6651, Val Acc: 77.12%
2025-01-14 01:55:23,922 - INFO - Best model saved with validation accuracy: 77.12%
2025-01-14 01:55:23,923 - INFO - Epoch 4/50
2025-01-14 01:55:27,593 - INFO - Train Loss: 0.5754, Train Acc: 78.66%
2025-01-14 01:55:28,694 - INFO - Val Loss: 0.6536, Val Acc: 75.74%
2025-01-14 01:55:28,695 - INFO - No improvement for 1 epoch(s).
2025-01-14 01:55:28,696 - INFO - Epoch 5/50
2025-01-14 01:55:32,411 - INFO - Train Loss: 0.5704, Train Acc: 79.08%
2025-01-14 01:55:33,519 - INFO - Val Loss: 0.6276, Val Acc: 77.71%
2025-01-14 01:55:33,620 - INFO - Best model saved with validation accuracy: 77.71%
2025-01-14 01:55:33,621 - INFO - Epoch 6/50
2025-01-14 01:55:37,273 - INFO - Train Loss: 0.5596, Train Acc: 79.32%
2025-01-14 01:55:38,371 - INFO - Val Loss: 0.6285, Val Acc: 78.60%
2025-01-14 01:55:38,447 - INFO - Best model saved with validation accuracy: 78.60%
2025-01-14 01:55:38,447 - INFO - Epoch 7/50
2025-01-14 01:55:42,148 - INFO - Train Loss: 0.5748, Train Acc: 79.10%
2025-01-14 01:55:43,265 - INFO - Val Loss: 0.6222, Val Acc: 77.64%
2025-01-14 01:55:43,266 - INFO - No improvement for 1 epoch(s).
2025-01-14 01:55:43,267 - INFO - Epoch 8/50
2025-01-14 01:55:46,944 - INFO - Train Loss: 0.5423, Train Acc: 79.90%
2025-01-14 01:55:48,056 - INFO - Val Loss: 0.6186, Val Acc: 78.39%
2025-01-14 01:55:48,057 - INFO - No improvement for 2 epoch(s).
2025-01-14 01:55:48,058 - INFO - Epoch 9/50
2025-01-14 01:55:51,703 - INFO - Train Loss: 0.5347, Train Acc: 80.43%
2025-01-14 01:55:52,788 - INFO - Val Loss: 0.6207, Val Acc: 77.94%
2025-01-14 01:55:52,788 - INFO - No improvement for 3 epoch(s).
2025-01-14 01:55:52,788 - INFO - Epoch 10/50
2025-01-14 01:55:56,445 - INFO - Train Loss: 0.5264, Train Acc: 80.76%
2025-01-14 01:55:57,543 - INFO - Val Loss: 0.6004, Val Acc: 79.05%
2025-01-14 01:55:57,674 - INFO - Best model saved with validation accuracy: 79.05%
2025-01-14 01:55:57,674 - INFO - Epoch 11/50
2025-01-14 01:56:01,357 - INFO - Train Loss: 0.5338, Train Acc: 80.56%
2025-01-14 01:56:02,496 - INFO - Val Loss: 0.6388, Val Acc: 76.01%
2025-01-14 01:56:02,497 - INFO - No improvement for 1 epoch(s).
2025-01-14 01:56:02,497 - INFO - Epoch 12/50
2025-01-14 01:56:06,207 - INFO - Train Loss: 0.5483, Train Acc: 80.06%
2025-01-14 01:56:07,338 - INFO - Val Loss: 0.6629, Val Acc: 74.97%
2025-01-14 01:56:07,338 - INFO - No improvement for 2 epoch(s).
2025-01-14 01:56:07,338 - INFO - Epoch 13/50
2025-01-14 01:56:11,025 - INFO - Train Loss: 0.5329, Train Acc: 80.12%
2025-01-14 01:56:12,167 - INFO - Val Loss: 0.6331, Val Acc: 78.37%
2025-01-14 01:56:12,168 - INFO - No improvement for 3 epoch(s).
2025-01-14 01:56:12,169 - INFO - Epoch 14/50
2025-01-14 01:56:15,847 - INFO - Train Loss: 0.5174, Train Acc: 80.91%
2025-01-14 01:56:16,953 - INFO - Val Loss: 0.6381, Val Acc: 78.06%
2025-01-14 01:56:16,954 - INFO - No improvement for 4 epoch(s).
2025-01-14 01:56:16,955 - INFO - Epoch 15/50
2025-01-14 01:56:20,653 - INFO - Train Loss: 0.5085, Train Acc: 81.37%
2025-01-14 01:56:21,776 - INFO - Val Loss: 0.5902, Val Acc: 79.26%
2025-01-14 01:56:21,899 - INFO - Best model saved with validation accuracy: 79.26%
2025-01-14 01:56:21,899 - INFO - Epoch 16/50
2025-01-14 01:56:25,549 - INFO - Train Loss: 0.4974, Train Acc: 82.04%
2025-01-14 01:56:26,644 - INFO - Val Loss: 0.5804, Val Acc: 79.85%
2025-01-14 01:56:26,712 - INFO - Best model saved with validation accuracy: 79.85%
2025-01-14 01:56:26,713 - INFO - Epoch 17/50
2025-01-14 01:56:30,344 - INFO - Train Loss: 0.4969, Train Acc: 82.08%
2025-01-14 01:56:31,433 - INFO - Val Loss: 0.5940, Val Acc: 79.09%
2025-01-14 01:56:31,433 - INFO - No improvement for 1 epoch(s).
2025-01-14 01:56:31,433 - INFO - Epoch 18/50
2025-01-14 01:56:35,055 - INFO - Train Loss: 0.4971, Train Acc: 81.62%
2025-01-14 01:56:36,164 - INFO - Val Loss: 0.5795, Val Acc: 79.67%
2025-01-14 01:56:36,165 - INFO - No improvement for 2 epoch(s).
2025-01-14 01:56:36,166 - INFO - Epoch 19/50
2025-01-14 01:56:39,826 - INFO - Train Loss: 0.4800, Train Acc: 82.77%
2025-01-14 01:56:40,933 - INFO - Val Loss: 0.6172, Val Acc: 78.12%
2025-01-14 01:56:40,933 - INFO - No improvement for 3 epoch(s).
2025-01-14 01:56:40,934 - INFO - Epoch 20/50
2025-01-14 01:56:44,583 - INFO - Train Loss: 0.4822, Train Acc: 82.48%
2025-01-14 01:56:45,684 - INFO - Val Loss: 0.5463, Val Acc: 80.66%
2025-01-14 01:56:45,783 - INFO - Best model saved with validation accuracy: 80.66%
2025-01-14 01:56:45,783 - INFO - Epoch 21/50
2025-01-14 01:56:49,413 - INFO - Train Loss: 0.4777, Train Acc: 82.86%
2025-01-14 01:56:50,527 - INFO - Val Loss: 0.6024, Val Acc: 79.03%
2025-01-14 01:56:50,528 - INFO - No improvement for 1 epoch(s).
2025-01-14 01:56:50,528 - INFO - Epoch 22/50
2025-01-14 01:56:54,174 - INFO - Train Loss: 0.4678, Train Acc: 83.13%
2025-01-14 01:56:55,254 - INFO - Val Loss: 0.5838, Val Acc: 79.92%
2025-01-14 01:56:55,254 - INFO - No improvement for 2 epoch(s).
2025-01-14 01:56:55,256 - INFO - Epoch 23/50
2025-01-14 01:56:58,915 - INFO - Train Loss: 0.4767, Train Acc: 83.02%
2025-01-14 01:57:00,014 - INFO - Val Loss: 0.5831, Val Acc: 79.95%
2025-01-14 01:57:00,014 - INFO - No improvement for 3 epoch(s).
2025-01-14 01:57:00,015 - INFO - Epoch 24/50
2025-01-14 01:57:03,667 - INFO - Train Loss: 0.4655, Train Acc: 83.48%
2025-01-14 01:57:04,745 - INFO - Val Loss: 0.5570, Val Acc: 80.64%
2025-01-14 01:57:04,745 - INFO - No improvement for 4 epoch(s).
2025-01-14 01:57:04,746 - INFO - Epoch 25/50
2025-01-14 01:57:08,438 - INFO - Train Loss: 0.4527, Train Acc: 84.07%
2025-01-14 01:57:09,507 - INFO - Val Loss: 0.5360, Val Acc: 81.32%
2025-01-14 01:57:09,602 - INFO - Best model saved with validation accuracy: 81.32%
2025-01-14 01:57:09,602 - INFO - Epoch 26/50
2025-01-14 01:57:13,297 - INFO - Train Loss: 0.4533, Train Acc: 84.01%
2025-01-14 01:57:14,475 - INFO - Val Loss: 0.5388, Val Acc: 81.49%
2025-01-14 01:57:14,574 - INFO - Best model saved with validation accuracy: 81.49%
2025-01-14 01:57:14,574 - INFO - Epoch 27/50
2025-01-14 01:57:18,315 - INFO - Train Loss: 0.4437, Train Acc: 84.22%
2025-01-14 01:57:19,446 - INFO - Val Loss: 0.5487, Val Acc: 80.76%
2025-01-14 01:57:19,446 - INFO - No improvement for 1 epoch(s).
2025-01-14 01:57:19,446 - INFO - Epoch 28/50
2025-01-14 01:57:23,108 - INFO - Train Loss: 0.4393, Train Acc: 84.47%
2025-01-14 01:57:24,243 - INFO - Val Loss: 0.5428, Val Acc: 80.96%
2025-01-14 01:57:24,244 - INFO - No improvement for 2 epoch(s).
2025-01-14 01:57:24,245 - INFO - Epoch 29/50
2025-01-14 01:57:27,915 - INFO - Train Loss: 0.4388, Train Acc: 84.36%
2025-01-14 01:57:29,018 - INFO - Val Loss: 0.5324, Val Acc: 81.98%
2025-01-14 01:57:29,130 - INFO - Best model saved with validation accuracy: 81.98%
2025-01-14 01:57:29,131 - INFO - Epoch 30/50
2025-01-14 01:57:32,820 - INFO - Train Loss: 0.4365, Train Acc: 84.62%
2025-01-14 01:57:33,950 - INFO - Val Loss: 0.5111, Val Acc: 82.10%
2025-01-14 01:57:34,028 - INFO - Best model saved with validation accuracy: 82.10%
2025-01-14 01:57:34,029 - INFO - Epoch 31/50
2025-01-14 01:57:37,706 - INFO - Train Loss: 0.4221, Train Acc: 85.03%
2025-01-14 01:57:38,810 - INFO - Val Loss: 0.5059, Val Acc: 82.73%
2025-01-14 01:57:38,876 - INFO - Best model saved with validation accuracy: 82.73%
2025-01-14 01:57:38,876 - INFO - Epoch 32/50
2025-01-14 01:57:42,518 - INFO - Train Loss: 0.4437, Train Acc: 84.54%
2025-01-14 01:57:43,635 - INFO - Val Loss: 0.5656, Val Acc: 79.32%
2025-01-14 01:57:43,636 - INFO - No improvement for 1 epoch(s).
2025-01-14 01:57:43,638 - INFO - Epoch 33/50
2025-01-14 01:57:47,338 - INFO - Train Loss: 0.4472, Train Acc: 83.81%
2025-01-14 01:57:48,444 - INFO - Val Loss: 0.5396, Val Acc: 81.73%
2025-01-14 01:57:48,444 - INFO - No improvement for 2 epoch(s).
2025-01-14 01:57:48,446 - INFO - Epoch 34/50
2025-01-14 01:57:52,069 - INFO - Train Loss: 0.4197, Train Acc: 85.20%
2025-01-14 01:57:53,205 - INFO - Val Loss: 0.5154, Val Acc: 82.35%
2025-01-14 01:57:53,206 - INFO - No improvement for 3 epoch(s).
2025-01-14 01:57:53,206 - INFO - Epoch 35/50
2025-01-14 01:57:56,895 - INFO - Train Loss: 0.4246, Train Acc: 85.18%
2025-01-14 01:57:58,090 - INFO - Val Loss: 0.5177, Val Acc: 82.57%
2025-01-14 01:57:58,090 - INFO - No improvement for 4 epoch(s).
2025-01-14 01:57:58,090 - INFO - Epoch 36/50
2025-01-14 01:58:01,792 - INFO - Train Loss: 0.4117, Train Acc: 85.73%
2025-01-14 01:58:02,942 - INFO - Val Loss: 0.5163, Val Acc: 82.51%
2025-01-14 01:58:02,943 - INFO - No improvement for 5 epoch(s).
2025-01-14 01:58:02,944 - INFO - Epoch 37/50
2025-01-14 01:58:06,608 - INFO - Train Loss: 0.4296, Train Acc: 84.77%
2025-01-14 01:58:07,648 - INFO - Val Loss: 0.5346, Val Acc: 80.57%
2025-01-14 01:58:07,649 - INFO - No improvement for 6 epoch(s).
2025-01-14 01:58:07,649 - INFO - Epoch 38/50
2025-01-14 01:58:11,273 - INFO - Train Loss: 0.4144, Train Acc: 85.07%
2025-01-14 01:58:12,381 - INFO - Val Loss: 0.4877, Val Acc: 83.13%
2025-01-14 01:58:12,542 - INFO - Best model saved with validation accuracy: 83.13%
2025-01-14 01:58:12,542 - INFO - Epoch 39/50
2025-01-14 01:58:16,244 - INFO - Train Loss: 0.4053, Train Acc: 85.50%
2025-01-14 01:58:17,334 - INFO - Val Loss: 0.5289, Val Acc: 81.25%
2025-01-14 01:58:17,334 - INFO - No improvement for 1 epoch(s).
2025-01-14 01:58:17,336 - INFO - Epoch 40/50
2025-01-14 01:58:21,034 - INFO - Train Loss: 0.3969, Train Acc: 85.86%
2025-01-14 01:58:22,217 - INFO - Val Loss: 0.4823, Val Acc: 83.77%
2025-01-14 01:58:22,284 - INFO - Best model saved with validation accuracy: 83.77%
2025-01-14 01:58:22,284 - INFO - Epoch 41/50
2025-01-14 01:58:25,928 - INFO - Train Loss: 0.4067, Train Acc: 85.47%
2025-01-14 01:58:26,989 - INFO - Val Loss: 0.5048, Val Acc: 82.86%
2025-01-14 01:58:26,990 - INFO - No improvement for 1 epoch(s).
2025-01-14 01:58:26,991 - INFO - Epoch 42/50
2025-01-14 01:58:30,641 - INFO - Train Loss: 0.4137, Train Acc: 85.33%
2025-01-14 01:58:31,757 - INFO - Val Loss: 0.4932, Val Acc: 82.91%
2025-01-14 01:58:31,757 - INFO - No improvement for 2 epoch(s).
2025-01-14 01:58:31,759 - INFO - Epoch 43/50
2025-01-14 01:58:35,421 - INFO - Train Loss: 0.3970, Train Acc: 86.02%
2025-01-14 01:58:36,539 - INFO - Val Loss: 0.5186, Val Acc: 82.45%
2025-01-14 01:58:36,540 - INFO - No improvement for 3 epoch(s).
2025-01-14 01:58:36,542 - INFO - Epoch 44/50
2025-01-14 01:58:40,181 - INFO - Train Loss: 0.3901, Train Acc: 86.31%
2025-01-14 01:58:41,288 - INFO - Val Loss: 0.4777, Val Acc: 83.93%
2025-01-14 01:58:41,399 - INFO - Best model saved with validation accuracy: 83.93%
2025-01-14 01:58:41,399 - INFO - Epoch 45/50
2025-01-14 01:58:45,048 - INFO - Train Loss: 0.3896, Train Acc: 85.98%
2025-01-14 01:58:46,168 - INFO - Val Loss: 0.5073, Val Acc: 82.16%
2025-01-14 01:58:46,168 - INFO - No improvement for 1 epoch(s).
2025-01-14 01:58:46,168 - INFO - Epoch 46/50
2025-01-14 01:58:49,817 - INFO - Train Loss: 0.3832, Train Acc: 86.45%
2025-01-14 01:58:50,929 - INFO - Val Loss: 0.4921, Val Acc: 82.89%
2025-01-14 01:58:50,930 - INFO - No improvement for 2 epoch(s).
2025-01-14 01:58:50,932 - INFO - Epoch 47/50
2025-01-14 01:58:54,598 - INFO - Train Loss: 0.3780, Train Acc: 86.70%
2025-01-14 01:58:55,729 - INFO - Val Loss: 0.5268, Val Acc: 81.94%
2025-01-14 01:58:55,729 - INFO - No improvement for 3 epoch(s).
2025-01-14 01:58:55,731 - INFO - Epoch 48/50
2025-01-14 01:58:59,384 - INFO - Train Loss: 0.3785, Train Acc: 86.82%
2025-01-14 01:59:00,485 - INFO - Val Loss: 0.4841, Val Acc: 83.40%
2025-01-14 01:59:00,485 - INFO - No improvement for 4 epoch(s).
2025-01-14 01:59:00,485 - INFO - Epoch 49/50
2025-01-14 01:59:04,145 - INFO - Train Loss: 0.3606, Train Acc: 87.28%
2025-01-14 01:59:05,325 - INFO - Val Loss: 0.4807, Val Acc: 83.57%
2025-01-14 01:59:05,325 - INFO - No improvement for 5 epoch(s).
2025-01-14 01:59:05,327 - INFO - Epoch 50/50
2025-01-14 01:59:09,024 - INFO - Train Loss: 0.3807, Train Acc: 86.79%
2025-01-14 01:59:10,139 - INFO - Val Loss: 0.4748, Val Acc: 83.66%
2025-01-14 01:59:10,139 - INFO - No improvement for 6 epoch(s).
2025-01-14 01:59:10,139 - INFO - Training completed.
2025-01-14 01:59:10,141 - INFO - Evaluating on test set...
2025-01-14 01:59:11,190 - INFO - Test Accuracy: 84.25%
2025-01-14 01:59:11,210 - INFO - Classification Report:
              precision    recall  f1-score   support

        bike       0.87      0.86      0.87      2494
         bus       0.77      0.82      0.80      3138
         car       0.77      0.55      0.64      1968
       train       0.78      0.84      0.81      1788
        walk       0.93      0.98      0.96      4007

    accuracy                           0.84     13395
   macro avg       0.83      0.81      0.82     13395
weighted avg       0.84      0.84      0.84     13395

2025-01-14 01:59:11,333 - INFO - Evaluation completed. LSTM script finished successfully.
Train: 1869, Val: 3739, Test: 3739                                                                                                                                      